// Jest Snapshot v1, https://goo.gl/fbAQLP

exports[`__clearEvents should clear the list of events 1`] = `Array []`;

exports[`__clearEvents should not prevent additional events from being collected 1`] = `
Array [
  Object {
    "props": Object {
      "height": 4,
      "width": 3,
      "x": 1,
      "y": 2,
    },
    "type": "fillRect",
  },
]
`;
