// Jest Snapshot v1, https://goo.gl/fbAQLP

exports[`__clearDrawCalls should clear the list of draw calls 1`] = `Array []`;

exports[`__clearDrawCalls should not prevent additional draw calls from being collected 1`] = `
Array [
  Object {
    "props": Object {
      "height": 4,
      "width": 3,
      "x": 1,
      "y": 2,
    },
    "type": "fillRect",
  },
]
`;
